[debug] [2026-06-24T13:19:01.291Z] ----------------------------------------------------------------------
[debug] [2026-06-24T13:19:01.297Z] Command:       D:\node\node.exe C:\Users\595-424-424 Temo\AppData\Roaming\npm\node_modules\firebase-tools\lib\bin\firebase.js emulators:start --only functions
[debug] [2026-06-24T13:19:01.298Z] CLI Version:   15.19.1
[debug] [2026-06-24T13:19:01.298Z] Platform:      win32
[debug] [2026-06-24T13:19:01.298Z] Node Version:  v24.14.1
[debug] [2026-06-24T13:19:01.299Z] Time:          Wed Jun 24 2026 17:19:01 GMT+0400 (საქართველოს სტანდარტული დრო)
[debug] [2026-06-24T13:19:01.299Z] ----------------------------------------------------------------------
[debug] 
[debug] [2026-06-24T13:19:30.293Z] Object "" in "firebase.json" has unknown property: {"additionalProperty":"flutter"}
[debug] [2026-06-24T13:19:30.309Z] > command requires scopes: ["email","openid","https://www.googleapis.com/auth/cloudplatformprojects.readonly","https://www.googleapis.com/auth/firebase","https://www.googleapis.com/auth/cloud-platform"]
[debug] [2026-06-24T13:19:30.310Z] > authorizing via signed-in user (tasiasshow@gmail.com)
[info] i  emulators: Starting emulators: functions {"metadata":{"emulator":{"name":"hub"},"message":"Starting emulators: functions"}}
[debug] [2026-06-24T13:19:30.335Z] [logging] Logging Emulator only supports listening on one address (127.0.0.1). Not listening on ::1
[debug] [2026-06-24T13:19:30.336Z] assigned listening specs for emulators {"user":{"hub":[{"address":"127.0.0.1","family":"IPv4","port":4400},{"address":"::1","family":"IPv6","port":4400}],"ui":[{"address":"127.0.0.1","family":"IPv4","port":4000},{"address":"::1","family":"IPv6","port":4000}],"logging":[{"address":"127.0.0.1","family":"IPv4","port":4500}]},"metadata":{"message":"assigned listening specs for emulators"}}
[debug] [2026-06-24T13:19:30.343Z] Write emulator hub locator at D:\tempflutter\hub-opportunet-bd7b8.json
[debug] [2026-06-24T13:19:30.368Z] [functions] Functions Emulator only supports listening on one address (127.0.0.1). Not listening on ::1
[debug] [2026-06-24T13:19:30.368Z] [eventarc] Eventarc Emulator only supports listening on one address (127.0.0.1). Not listening on ::1
[debug] [2026-06-24T13:19:30.368Z] [tasks] Cloud Tasks Emulator only supports listening on one address (127.0.0.1). Not listening on ::1
[debug] [2026-06-24T13:19:30.368Z] late-assigned ports for functions and eventarc emulators {"user":{"hub":[{"address":"127.0.0.1","family":"IPv4","port":4400},{"address":"::1","family":"IPv6","port":4400}],"ui":[{"address":"127.0.0.1","family":"IPv4","port":4000},{"address":"::1","family":"IPv6","port":4000}],"logging":[{"address":"127.0.0.1","family":"IPv4","port":4500}],"functions":[{"address":"127.0.0.1","family":"IPv4","port":5001}],"eventarc":[{"address":"127.0.0.1","family":"IPv4","port":9299}],"tasks":[{"address":"127.0.0.1","family":"IPv4","port":9499}]},"metadata":{"message":"late-assigned ports for functions and eventarc emulators"}}
[warn] !  functions: The following emulators are not running, calls to these services from the Functions emulator will affect production: apphosting, auth, firestore, database, hosting, pubsub, storage, dataconnect {"metadata":{"emulator":{"name":"functions"},"message":"The following emulators are not running, calls to these services from the Functions emulator will affect production: \u001b[1mapphosting, auth, firestore, database, hosting, pubsub, storage, dataconnect\u001b[22m"}}
[debug] [2026-06-24T13:19:31.257Z] defaultcredentials: writing to file C:\Users\595-424-424 Temo\AppData\Roaming\firebase\tasiasshow_gmail_com_application_default_credentials.json
[debug] [2026-06-24T13:19:31.279Z] Setting GAC to C:\Users\595-424-424 Temo\AppData\Roaming\firebase\tasiasshow_gmail_com_application_default_credentials.json {"metadata":{"emulator":{"name":"functions"},"message":"Setting GAC to C:\\Users\\595-424-424 Temo\\AppData\\Roaming\\firebase\\tasiasshow_gmail_com_application_default_credentials.json"}}
[debug] [2026-06-24T13:19:31.283Z] Checked if tokens are valid: false, expires at: 1782307706851
[debug] [2026-06-24T13:19:31.283Z] Checked if tokens are valid: false, expires at: 1782307706851
[debug] [2026-06-24T13:19:31.284Z] > refreshing access token with scopes: []
[debug] [2026-06-24T13:19:31.290Z] >>> [apiv2][query] POST https://www.googleapis.com/oauth2/v3/token [none]
[debug] [2026-06-24T13:19:31.290Z] >>> [apiv2][body] POST https://www.googleapis.com/oauth2/v3/token [omitted]
[debug] [2026-06-24T13:19:31.589Z] <<< [apiv2][status] POST https://www.googleapis.com/oauth2/v3/token 200
[debug] [2026-06-24T13:19:31.589Z] <<< [apiv2][body] POST https://www.googleapis.com/oauth2/v3/token [omitted]
[debug] [2026-06-24T13:19:31.717Z] >>> [apiv2][query] GET https://firebase.googleapis.com/v1beta1/projects/opportunet-bd7b8/adminSdkConfig [none]
[debug] [2026-06-24T13:19:32.378Z] <<< [apiv2][status] GET https://firebase.googleapis.com/v1beta1/projects/opportunet-bd7b8/adminSdkConfig 200
[debug] [2026-06-24T13:19:32.378Z] <<< [apiv2][body] GET https://firebase.googleapis.com/v1beta1/projects/opportunet-bd7b8/adminSdkConfig {"projectId":"opportunet-bd7b8","storageBucket":"opportunet-bd7b8.firebasestorage.app"}
[info] i  ui: downloading ui-v1.15.0.zip... {"metadata":{"emulator":{"name":"ui"},"message":"downloading ui-v1.15.0.zip..."}}
[debug] [2026-06-24T13:19:32.506Z] >>> [apiv2][query] GET https://storage.googleapis.com/firebase-preview-drop/emulator/ui-v1.15.0.zip 
[debug] [2026-06-24T13:19:32.717Z] <<< [apiv2][status] GET https://storage.googleapis.com/firebase-preview-drop/emulator/ui-v1.15.0.zip 200
[debug] [2026-06-24T13:19:32.718Z] <<< [apiv2][body] GET https://storage.googleapis.com/firebase-preview-drop/emulator/ui-v1.15.0.zip [stream]
[debug] [2026-06-24T13:19:35.614Z] Data is 3538469
[debug] [2026-06-24T13:19:35.614Z] [unzip] Entry: client/ (compressed_size=0 bytes, uncompressed_size=0 bytes)
[debug] [2026-06-24T13:19:35.615Z] [unzip] Processing entry: client\
[debug] [2026-06-24T13:19:35.615Z] [unzip] mkdir: C:\Users\595-424-424 Temo\.cache\firebase\emulators\ui-v1.15.0\client\
[debug] [2026-06-24T13:19:35.615Z] [unzip] Entry: client/favicon-16x16.png (compressed_size=293 bytes, uncompressed_size=293 bytes)
[debug] [2026-06-24T13:19:35.616Z] [unzip] Processing entry: client\favicon-16x16.png
[debug] [2026-06-24T13:19:35.616Z] [unzip] else mkdir: C:\Users\595-424-424 Temo\.cache\firebase\emulators\ui-v1.15.0\client
[debug] [2026-06-24T13:19:35.616Z] [unzip] Writing file: C:\Users\595-424-424 Temo\.cache\firebase\emulators\ui-v1.15.0\client\favicon-16x16.png
[debug] [2026-06-24T13:19:35.617Z] [unzip] Entry: client/safari-pinned-tab.svg (compressed_size=1433 bytes, uncompressed_size=2611 bytes)
[debug] [2026-06-24T13:19:35.617Z] [unzip] Processing entry: client\safari-pinned-tab.svg
[debug] [2026-06-24T13:19:35.617Z] [unzip] else mkdir: C:\Users\595-424-424 Temo\.cache\firebase\emulators\ui-v1.15.0\client
[debug] [2026-06-24T13:19:35.618Z] [unzip] deflating: C:\Users\595-424-424 Temo\.cache\firebase\emulators\ui-v1.15.0\client\safari-pinned-tab.svg
[debug] [2026-06-24T13:19:35.624Z] [unzip] Entry: client/favicon.ico (compressed_size=2933 bytes, uncompressed_size=13294 bytes)
[debug] [2026-06-24T13:19:35.624Z] [unzip] Processing entry: client\favicon.ico
[debug] [2026-06-24T13:19:35.625Z] [unzip] else mkdir: C:\Users\595-424-424 Temo\.cache\firebase\emulators\ui-v1.15.0\client
[debug] [2026-06-24T13:19:35.625Z] [unzip] deflating: C:\Users\595-424-424 Temo\.cache\firebase\emulators\ui-v1.15.0\client\favicon.ico
[debug] [2026-06-24T13:19:35.628Z] [unzip] Entry: client/index.html (compressed_size=1364 bytes, uncompressed_size=3071 bytes)
[debug] [2026-06-24T13:19:35.628Z] [unzip] Processing entry: client\index.html
[debug] [2026-06-24T13:19:35.628Z] [unzip] else mkdir: C:\Users\595-424-424 Temo\.cache\firebase\emulators\ui-v1.15.0\client
[debug] [2026-06-24T13:19:35.629Z] [unzip] deflating: C:\Users\595-424-424 Temo\.cache\firebase\emulators\ui-v1.15.0\client\index.html
[debug] [2026-06-24T13:19:35.631Z] [unzip] Entry: client/android-chrome-192x192.png (compressed_size=2684 bytes, uncompressed_size=2684 bytes)
[debug] [2026-06-24T13:19:35.631Z] [unzip] Processing entry: client\android-chrome-192x192.png
[debug] [2026-06-24T13:19:35.631Z] [unzip] else mkdir: C:\Users\595-424-424 Temo\.cache\firebase\emulators\ui-v1.15.0\client
[debug] [2026-06-24T13:19:35.632Z] [unzip] Writing file: C:\Users\595-424-424 Temo\.cache\firebase\emulators\ui-v1.15.0\client\android-chrome-192x192.png
[debug] [2026-06-24T13:19:35.633Z] [unzip] Entry: client/apple-touch-icon.png (compressed_size=2123 bytes, uncompressed_size=2152 bytes)
[debug] [2026-06-24T13:19:35.633Z] [unzip] Processing entry: client\apple-touch-icon.png
[debug] [2026-06-24T13:19:35.634Z] [unzip] else mkdir: C:\Users\595-424-424 Temo\.cache\firebase\emulators\ui-v1.15.0\client
[debug] [2026-06-24T13:19:35.635Z] [unzip] deflating: C:\Users\595-424-424 Temo\.cache\firebase\emulators\ui-v1.15.0\client\apple-touch-icon.png
[debug] [2026-06-24T13:19:35.639Z] [unzip] Entry: client/android-chrome-512x512.png (compressed_size=5369 bytes, uncompressed_size=5411 bytes)
[debug] [2026-06-24T13:19:35.639Z] [unzip] Processing entry: client\android-chrome-512x512.png
[debug] [2026-06-24T13:19:35.639Z] [unzip] else mkdir: C:\Users\595-424-424 Temo\.cache\firebase\emulators\ui-v1.15.0\client
[debug] [2026-06-24T13:19:35.640Z] [unzip] deflating: C:\Users\595-424-424 Temo\.cache\firebase\emulators\ui-v1.15.0\client\android-chrome-512x512.png
[debug] [2026-06-24T13:19:35.641Z] [unzip] Entry: client/manifest.json (compressed_size=245 bytes, uncompressed_size=551 bytes)
[debug] [2026-06-24T13:19:35.642Z] [unzip] Processing entry: client\manifest.json
[debug] [2026-06-24T13:19:35.642Z] [unzip] else mkdir: C:\Users\595-424-424 Temo\.cache\firebase\emulators\ui-v1.15.0\client
[debug] [2026-06-24T13:19:35.642Z] [unzip] deflating: C:\Users\595-424-424 Temo\.cache\firebase\emulators\ui-v1.15.0\client\manifest.json
[debug] [2026-06-24T13:19:35.645Z] [unzip] Entry: client/robots.txt (compressed_size=26 bytes, uncompressed_size=26 bytes)
[debug] [2026-06-24T13:19:35.645Z] [unzip] Processing entry: client\robots.txt
[debug] [2026-06-24T13:19:35.645Z] [unzip] else mkdir: C:\Users\595-424-424 Temo\.cache\firebase\emulators\ui-v1.15.0\client
[debug] [2026-06-24T13:19:35.646Z] [unzip] Writing file: C:\Users\595-424-424 Temo\.cache\firebase\emulators\ui-v1.15.0\client\robots.txt
[debug] [2026-06-24T13:19:35.649Z] [unzip] Entry: client/mstile-150x150.png (compressed_size=2034 bytes, uncompressed_size=2034 bytes)
[debug] [2026-06-24T13:19:35.649Z] [unzip] Processing entry: client\mstile-150x150.png
[debug] [2026-06-24T13:19:35.649Z] [unzip] else mkdir: C:\Users\595-424-424 Temo\.cache\firebase\emulators\ui-v1.15.0\client
[debug] [2026-06-24T13:19:35.654Z] [unzip] Writing file: C:\Users\595-424-424 Temo\.cache\firebase\emulators\ui-v1.15.0\client\mstile-150x150.png
[debug] [2026-06-24T13:19:35.702Z] [unzip] Entry: client/assets/ (compressed_size=0 bytes, uncompressed_size=0 bytes)
[debug] [2026-06-24T13:19:35.702Z] [unzip] Processing entry: client\assets\
[debug] [2026-06-24T13:19:35.702Z] [unzip] mkdir: C:\Users\595-424-424 Temo\.cache\firebase\emulators\ui-v1.15.0\client\assets\
[debug] [2026-06-24T13:19:35.703Z] [unzip] Entry: client/assets/index-BX-A56oj.js (compressed_size=582089 bytes, uncompressed_size=2092775 bytes)
[debug] [2026-06-24T13:19:35.704Z] [unzip] Processing entry: client\assets\index-BX-A56oj.js
[debug] [2026-06-24T13:19:35.704Z] [unzip] else mkdir: C:\Users\595-424-424 Temo\.cache\firebase\emulators\ui-v1.15.0\client\assets
[debug] [2026-06-24T13:19:35.704Z] [unzip] deflating: C:\Users\595-424-424 Temo\.cache\firebase\emulators\ui-v1.15.0\client\assets\index-BX-A56oj.js
[debug] [2026-06-24T13:19:35.720Z] [unzip] Entry: client/assets/index-CjB9C900.css (compressed_size=35979 bytes, uncompressed_size=298654 bytes)
[debug] [2026-06-24T13:19:35.721Z] [unzip] Processing entry: client\assets\index-CjB9C900.css
[debug] [2026-06-24T13:19:35.721Z] [unzip] else mkdir: C:\Users\595-424-424 Temo\.cache\firebase\emulators\ui-v1.15.0\client\assets
[debug] [2026-06-24T13:19:35.722Z] [unzip] deflating: C:\Users\595-424-424 Temo\.cache\firebase\emulators\ui-v1.15.0\client\assets\index-CjB9C900.css
[debug] [2026-06-24T13:19:35.725Z] [unzip] Entry: client/assets/index-BX-A56oj.js.map (compressed_size=2362482 bytes, uncompressed_size=10036679 bytes)
[debug] [2026-06-24T13:19:35.726Z] [unzip] Processing entry: client\assets\index-BX-A56oj.js.map
[debug] [2026-06-24T13:19:35.726Z] [unzip] else mkdir: C:\Users\595-424-424 Temo\.cache\firebase\emulators\ui-v1.15.0\client\assets
[debug] [2026-06-24T13:19:35.726Z] [unzip] deflating: C:\Users\595-424-424 Temo\.cache\firebase\emulators\ui-v1.15.0\client\assets\index-BX-A56oj.js.map
[debug] [2026-06-24T13:19:35.785Z] [unzip] Entry: client/assets/extensions/ (compressed_size=0 bytes, uncompressed_size=0 bytes)
[debug] [2026-06-24T13:19:35.785Z] [unzip] Processing entry: client\assets\extensions\
[debug] [2026-06-24T13:19:35.785Z] [unzip] mkdir: C:\Users\595-424-424 Temo\.cache\firebase\emulators\ui-v1.15.0\client\assets\extensions\
[debug] [2026-06-24T13:19:35.786Z] [unzip] Entry: client/assets/extensions/default-extension.png (compressed_size=1646 bytes, uncompressed_size=1657 bytes)
[debug] [2026-06-24T13:19:35.786Z] [unzip] Processing entry: client\assets\extensions\default-extension.png
[debug] [2026-06-24T13:19:35.786Z] [unzip] else mkdir: C:\Users\595-424-424 Temo\.cache\firebase\emulators\ui-v1.15.0\client\assets\extensions
[debug] [2026-06-24T13:19:35.787Z] [unzip] deflating: C:\Users\595-424-424 Temo\.cache\firebase\emulators\ui-v1.15.0\client\assets\extensions\default-extension.png
[debug] [2026-06-24T13:19:35.789Z] [unzip] Entry: client/assets/img/ (compressed_size=0 bytes, uncompressed_size=0 bytes)
[debug] [2026-06-24T13:19:35.789Z] [unzip] Processing entry: client\assets\img\
[debug] [2026-06-24T13:19:35.789Z] [unzip] mkdir: C:\Users\595-424-424 Temo\.cache\firebase\emulators\ui-v1.15.0\client\assets\img\
[debug] [2026-06-24T13:19:35.790Z] [unzip] Entry: client/assets/img/database.png (compressed_size=29449 bytes, uncompressed_size=29988 bytes)
[debug] [2026-06-24T13:19:35.790Z] [unzip] Processing entry: client\assets\img\database.png
[debug] [2026-06-24T13:19:35.790Z] [unzip] else mkdir: C:\Users\595-424-424 Temo\.cache\firebase\emulators\ui-v1.15.0\client\assets\img
[debug] [2026-06-24T13:19:35.792Z] [unzip] deflating: C:\Users\595-424-424 Temo\.cache\firebase\emulators\ui-v1.15.0\client\assets\img\database.png
[debug] [2026-06-24T13:19:35.804Z] [unzip] Entry: client/assets/provider-icons/ (compressed_size=0 bytes, uncompressed_size=0 bytes)
[debug] [2026-06-24T13:19:35.804Z] [unzip] Processing entry: client\assets\provider-icons\
[debug] [2026-06-24T13:19:35.805Z] [unzip] mkdir: C:\Users\595-424-424 Temo\.cache\firebase\emulators\ui-v1.15.0\client\assets\provider-icons\
[debug] [2026-06-24T13:19:35.805Z] [unzip] Entry: client/assets/provider-icons/auth_service_saml.svg (compressed_size=575 bytes, uncompressed_size=1226 bytes)
[debug] [2026-06-24T13:19:35.806Z] [unzip] Processing entry: client\assets\provider-icons\auth_service_saml.svg
[debug] [2026-06-24T13:19:35.806Z] [unzip] else mkdir: C:\Users\595-424-424 Temo\.cache\firebase\emulators\ui-v1.15.0\client\assets\provider-icons
[debug] [2026-06-24T13:19:35.806Z] [unzip] deflating: C:\Users\595-424-424 Temo\.cache\firebase\emulators\ui-v1.15.0\client\assets\provider-icons\auth_service_saml.svg
[debug] [2026-06-24T13:19:35.807Z] [unzip] Entry: client/assets/provider-icons/auth_service_phone.svg (compressed_size=261 bytes, uncompressed_size=414 bytes)
[debug] [2026-06-24T13:19:35.807Z] [unzip] Processing entry: client\assets\provider-icons\auth_service_phone.svg
[debug] [2026-06-24T13:19:35.807Z] [unzip] else mkdir: C:\Users\595-424-424 Temo\.cache\firebase\emulators\ui-v1.15.0\client\assets\provider-icons
[debug] [2026-06-24T13:19:35.808Z] [unzip] deflating: C:\Users\595-424-424 Temo\.cache\firebase\emulators\ui-v1.15.0\client\assets\provider-icons\auth_service_phone.svg
[debug] [2026-06-24T13:19:35.809Z] [unzip] Entry: client/assets/provider-icons/auth_service_facebook.svg (compressed_size=289 bytes, uncompressed_size=457 bytes)
[debug] [2026-06-24T13:19:35.809Z] [unzip] Processing entry: client\assets\provider-icons\auth_service_facebook.svg
[debug] [2026-06-24T13:19:35.809Z] [unzip] else mkdir: C:\Users\595-424-424 Temo\.cache\firebase\emulators\ui-v1.15.0\client\assets\provider-icons
[debug] [2026-06-24T13:19:35.810Z] [unzip] deflating: C:\Users\595-424-424 Temo\.cache\firebase\emulators\ui-v1.15.0\client\assets\provider-icons\auth_service_facebook.svg
[debug] [2026-06-24T13:19:35.819Z] [unzip] Entry: client/assets/provider-icons/auth_service_game_center.svg (compressed_size=991 bytes, uncompressed_size=3921 bytes)
[debug] [2026-06-24T13:19:35.820Z] [unzip] Processing entry: client\assets\provider-icons\auth_service_game_center.svg
[debug] [2026-06-24T13:19:35.820Z] [unzip] else mkdir: C:\Users\595-424-424 Temo\.cache\firebase\emulators\ui-v1.15.0\client\assets\provider-icons
[debug] [2026-06-24T13:19:35.821Z] [unzip] deflating: C:\Users\595-424-424 Temo\.cache\firebase\emulators\ui-v1.15.0\client\assets\provider-icons\auth_service_game_center.svg
[debug] [2026-06-24T13:19:35.825Z] [unzip] Entry: client/assets/provider-icons/auth_service_apple.svg (compressed_size=230 bytes, uncompressed_size=334 bytes)
[debug] [2026-06-24T13:19:35.825Z] [unzip] Processing entry: client\assets\provider-icons\auth_service_apple.svg
[debug] [2026-06-24T13:19:35.825Z] [unzip] else mkdir: C:\Users\595-424-424 Temo\.cache\firebase\emulators\ui-v1.15.0\client\assets\provider-icons
[debug] [2026-06-24T13:19:35.826Z] [unzip] deflating: C:\Users\595-424-424 Temo\.cache\firebase\emulators\ui-v1.15.0\client\assets\provider-icons\auth_service_apple.svg
[debug] [2026-06-24T13:19:35.828Z] [unzip] Entry: client/assets/provider-icons/auth_service_github.svg (compressed_size=466 bytes, uncompressed_size=838 bytes)
[debug] [2026-06-24T13:19:35.828Z] [unzip] Processing entry: client\assets\provider-icons\auth_service_github.svg
[debug] [2026-06-24T13:19:35.828Z] [unzip] else mkdir: C:\Users\595-424-424 Temo\.cache\firebase\emulators\ui-v1.15.0\client\assets\provider-icons
[debug] [2026-06-24T13:19:35.829Z] [unzip] deflating: C:\Users\595-424-424 Temo\.cache\firebase\emulators\ui-v1.15.0\client\assets\provider-icons\auth_service_github.svg
[debug] [2026-06-24T13:19:35.831Z] [unzip] Entry: client/assets/provider-icons/auth_service_mslive.svg (compressed_size=203 bytes, uncompressed_size=378 bytes)
[debug] [2026-06-24T13:19:35.831Z] [unzip] Processing entry: client\assets\provider-icons\auth_service_mslive.svg
[debug] [2026-06-24T13:19:35.833Z] [unzip] else mkdir: C:\Users\595-424-424 Temo\.cache\firebase\emulators\ui-v1.15.0\client\assets\provider-icons
[debug] [2026-06-24T13:19:35.835Z] [unzip] deflating: C:\Users\595-424-424 Temo\.cache\firebase\emulators\ui-v1.15.0\client\assets\provider-icons\auth_service_mslive.svg
[debug] [2026-06-24T13:19:35.839Z] [unzip] Entry: client/assets/provider-icons/auth_service_yahoo.svg (compressed_size=577 bytes, uncompressed_size=1182 bytes)
[debug] [2026-06-24T13:19:35.840Z] [unzip] Processing entry: client\assets\provider-icons\auth_service_yahoo.svg
[debug] [2026-06-24T13:19:35.840Z] [unzip] else mkdir: C:\Users\595-424-424 Temo\.cache\firebase\emulators\ui-v1.15.0\client\assets\provider-icons
[debug] [2026-06-24T13:19:35.840Z] [unzip] deflating: C:\Users\595-424-424 Temo\.cache\firebase\emulators\ui-v1.15.0\client\assets\provider-icons\auth_service_yahoo.svg
[debug] [2026-06-24T13:19:35.841Z] [unzip] Entry: client/assets/provider-icons/auth_service_twitter.svg (compressed_size=444 bytes, uncompressed_size=751 bytes)
[debug] [2026-06-24T13:19:35.842Z] [unzip] Processing entry: client\assets\provider-icons\auth_service_twitter.svg
[debug] [2026-06-24T13:19:35.842Z] [unzip] else mkdir: C:\Users\595-424-424 Temo\.cache\firebase\emulators\ui-v1.15.0\client\assets\provider-icons
[debug] [2026-06-24T13:19:35.842Z] [unzip] deflating: C:\Users\595-424-424 Temo\.cache\firebase\emulators\ui-v1.15.0\client\assets\provider-icons\auth_service_twitter.svg
[debug] [2026-06-24T13:19:35.844Z] [unzip] Entry: client/assets/provider-icons/auth_service_play_games.svg (compressed_size=565 bytes, uncompressed_size=1173 bytes)
[debug] [2026-06-24T13:19:35.844Z] [unzip] Processing entry: client\assets\provider-icons\auth_service_play_games.svg
[debug] [2026-06-24T13:19:35.844Z] [unzip] else mkdir: C:\Users\595-424-424 Temo\.cache\firebase\emulators\ui-v1.15.0\client\assets\provider-icons
[debug] [2026-06-24T13:19:35.844Z] [unzip] deflating: C:\Users\595-424-424 Temo\.cache\firebase\emulators\ui-v1.15.0\client\assets\provider-icons\auth_service_play_games.svg
[debug] [2026-06-24T13:19:35.846Z] [unzip] Entry: client/assets/provider-icons/auth_service_email.svg (compressed_size=228 bytes, uncompressed_size=326 bytes)
[debug] [2026-06-24T13:19:35.846Z] [unzip] Processing entry: client\assets\provider-icons\auth_service_email.svg
[debug] [2026-06-24T13:19:35.846Z] [unzip] else mkdir: C:\Users\595-424-424 Temo\.cache\firebase\emulators\ui-v1.15.0\client\assets\provider-icons
[debug] [2026-06-24T13:19:35.846Z] [unzip] deflating: C:\Users\595-424-424 Temo\.cache\firebase\emulators\ui-v1.15.0\client\assets\provider-icons\auth_service_email.svg
[debug] [2026-06-24T13:19:35.850Z] [unzip] Entry: client/assets/provider-icons/auth_service_google.svg (compressed_size=409 bytes, uncompressed_size=720 bytes)
[debug] [2026-06-24T13:19:35.850Z] [unzip] Processing entry: client\assets\provider-icons\auth_service_google.svg
[debug] [2026-06-24T13:19:35.850Z] [unzip] else mkdir: C:\Users\595-424-424 Temo\.cache\firebase\emulators\ui-v1.15.0\client\assets\provider-icons
[debug] [2026-06-24T13:19:35.851Z] [unzip] deflating: C:\Users\595-424-424 Temo\.cache\firebase\emulators\ui-v1.15.0\client\assets\provider-icons\auth_service_google.svg
[debug] [2026-06-24T13:19:35.852Z] [unzip] Entry: client/assets/provider-icons/auth_service_oidc.svg (compressed_size=414 bytes, uncompressed_size=858 bytes)
[debug] [2026-06-24T13:19:35.852Z] [unzip] Processing entry: client\assets\provider-icons\auth_service_oidc.svg
[debug] [2026-06-24T13:19:35.853Z] [unzip] else mkdir: C:\Users\595-424-424 Temo\.cache\firebase\emulators\ui-v1.15.0\client\assets\provider-icons
[debug] [2026-06-24T13:19:35.853Z] [unzip] deflating: C:\Users\595-424-424 Temo\.cache\firebase\emulators\ui-v1.15.0\client\assets\provider-icons\auth_service_oidc.svg
[debug] [2026-06-24T13:19:35.855Z] [unzip] Entry: client/browserconfig.xml (compressed_size=491 bytes, uncompressed_size=822 bytes)
[debug] [2026-06-24T13:19:35.855Z] [unzip] Processing entry: client\browserconfig.xml
[debug] [2026-06-24T13:19:35.855Z] [unzip] else mkdir: C:\Users\595-424-424 Temo\.cache\firebase\emulators\ui-v1.15.0\client
[debug] [2026-06-24T13:19:35.855Z] [unzip] deflating: C:\Users\595-424-424 Temo\.cache\firebase\emulators\ui-v1.15.0\client\browserconfig.xml
[debug] [2026-06-24T13:19:35.857Z] [unzip] Entry: client/favicon-32x32.png (compressed_size=475 bytes, uncompressed_size=475 bytes)
[debug] [2026-06-24T13:19:35.857Z] [unzip] Processing entry: client\favicon-32x32.png
[debug] [2026-06-24T13:19:35.857Z] [unzip] else mkdir: C:\Users\595-424-424 Temo\.cache\firebase\emulators\ui-v1.15.0\client
[debug] [2026-06-24T13:19:35.857Z] [unzip] Writing file: C:\Users\595-424-424 Temo\.cache\firebase\emulators\ui-v1.15.0\client\favicon-32x32.png
[debug] [2026-06-24T13:19:35.860Z] [unzip] Entry: server/ (compressed_size=0 bytes, uncompressed_size=0 bytes)
[debug] [2026-06-24T13:19:35.860Z] [unzip] Processing entry: server\
[debug] [2026-06-24T13:19:35.861Z] [unzip] mkdir: C:\Users\595-424-424 Temo\.cache\firebase\emulators\ui-v1.15.0\server\
[debug] [2026-06-24T13:19:35.861Z] [unzip] Entry: server/server.mjs.map (compressed_size=217845 bytes, uncompressed_size=944978 bytes)
[debug] [2026-06-24T13:19:35.861Z] [unzip] Processing entry: server\server.mjs.map
[debug] [2026-06-24T13:19:35.861Z] [unzip] else mkdir: C:\Users\595-424-424 Temo\.cache\firebase\emulators\ui-v1.15.0\server
[debug] [2026-06-24T13:19:35.862Z] [unzip] deflating: C:\Users\595-424-424 Temo\.cache\firebase\emulators\ui-v1.15.0\server\server.mjs.map
[debug] [2026-06-24T13:19:35.868Z] [unzip] Entry: server/server.mjs (compressed_size=276407 bytes, uncompressed_size=933701 bytes)
[debug] [2026-06-24T13:19:35.868Z] [unzip] Processing entry: server\server.mjs
[debug] [2026-06-24T13:19:35.868Z] [unzip] else mkdir: C:\Users\595-424-424 Temo\.cache\firebase\emulators\ui-v1.15.0\server
[debug] [2026-06-24T13:19:35.868Z] [unzip] deflating: C:\Users\595-424-424 Temo\.cache\firebase\emulators\ui-v1.15.0\server\server.mjs
[info] i  functions: Watching "D:\OpportuNet_V1.0.0\functions" for Cloud Functions... {"metadata":{"emulator":{"name":"functions"},"message":"Watching \"D:\\OpportuNet_V1.0.0\\functions\" for Cloud Functions..."}}
[debug] [2026-06-24T13:19:35.885Z] Validating nodejs source
[debug] [2026-06-24T13:19:41.532Z] > [functions] package.json contents: {
  "name": "functions",
  "description": "Cloud Functions for Firebase",
  "scripts": {
    "lint": "eslint .",
    "serve": "firebase emulators:start --only functions",
    "shell": "firebase functions:shell",
    "start": "npm run shell",
    "deploy": "firebase deploy --only functions",
    "logs": "firebase functions:log"
  },
  "engines": {
    "node": "20"
  },
  "main": "index.js",
  "dependencies": {
    "axios": "^1.17.0",
    "cors": "^2.8.6",
    "firebase-admin": "^13.6.0",
    "firebase-functions": "^7.0.0"
  },
  "devDependencies": {
    "eslint": "^8.15.0",
    "eslint-config-google": "^0.14.0",
    "firebase-functions-test": "^3.4.1"
  },
  "private": true
}
[debug] [2026-06-24T13:19:41.532Z] Building nodejs source
[debug] [2026-06-24T13:19:41.533Z] Failed to find version of module node: reached end of search path D:\OpportuNet_V1.0.0\functions\node_modules
[warn] !  functions: Your requested "node" version "20" doesn't match your global version "24". Using node@24 from host. 
[debug] [2026-06-24T13:19:41.536Z] Could not find functions.yaml. Must use http discovery
[debug] [2026-06-24T13:19:41.546Z] Found firebase-functions binary at 'D:\OpportuNet_V1.0.0\functions\node_modules\.bin\firebase-functions'
[info] Serving at port 8240

[debug] [2026-06-24T13:19:50.215Z] Got response from /__/functions.yaml {"endpoints":{"callAI":{"availableMemoryMb":null,"timeoutSeconds":null,"minInstances":null,"maxInstances":10,"ingressSettings":null,"concurrency":null,"serviceAccountEmail":null,"vpc":null,"platform":"gcfv2","secretEnvironmentVariables":[{"key":"GROQ_API_KEY"}],"labels":{},"httpsTrigger":{},"entryPoint":"callAI"}},"specVersion":"v1alpha1","requiredAPIs":[],"extensions":{},"params":[{"type":"secret","name":"GROQ_API_KEY"}]}
[info] +  functions: Loaded functions definitions from source: callAI. {"metadata":{"emulator":{"name":"functions"},"message":"Loaded functions definitions from source: callAI."}}
[info] +  functions[us-central1-callAI]: http function initialized (http://127.0.0.1:5001/opportunet-bd7b8/us-central1/callAI). {"metadata":{"emulator":{"name":"functions"},"message":"\u001b[1mhttp\u001b[22m function initialized (http://127.0.0.1:5001/opportunet-bd7b8/us-central1/callAI)."}}
[debug] [2026-06-24T13:19:54.398Z] Could not find VSCode notification endpoint: FetchError: request to http://localhost:40001/vscode/notify failed, reason: . If you are not running the Firebase SQL Connect VSCode extension, this is expected and not an issue.
[info] 
┌─────────────────────────────────────────────────────────────┐
│ ✔  All emulators ready! It is now safe to connect your app. │
│ i  View Emulator UI at http://127.0.0.1:4000/               │
└─────────────────────────────────────────────────────────────┘

┌───────────┬────────────────┬─────────────────────────────────┐
│ Emulator  │ Host:Port      │ View in Emulator UI             │
├───────────┼────────────────┼─────────────────────────────────┤
│ Functions │ 127.0.0.1:5001 │ http://127.0.0.1:4000/functions │
└───────────┴────────────────┴─────────────────────────────────┘
  Emulator Hub host: 127.0.0.1 port: 4400
  Other reserved ports: 4500

Issues? Report them at https://github.com/firebase/firebase-tools/issues and attach the *-debug.log files.
 
